// Jest Snapshot v1, https://goo.gl/fbAQLP

exports[`Should LoginPage render correctly 1`] = `
<section
  className="login-page"
>
  <header
    className="login-page__header--wrapper"
  >
    <h1>
      Boilerplate React App
    </h1>
  </header>
  <div
    className="login-page__login-panel"
  >
    <div
      className="login-panel__inner-wrapper"
    >
      <h2>
        Login
      </h2>
      <p>
        Tagline for login
      </p>
      <button
        className="button-primary"
      >
        Authenticate me via Google
      </button>
    </div>
  </div>
</section>
`;
